[backblue.gif]
[fade.gif]
[index.html]
[www.innovationplans.com/idesign/arco/img/favicon.ico]
[www.innovationplans.com/idesign/arco/img/logo-light.png]
[www.innovationplans.com/idesign/arco/img/bg4.jpg]
[www.innovationplans.com/idesign/arco/img/bg2.jpg]
[www.innovationplans.com/idesign/arco/img/bg1.jpg]
[www.innovationplans.com/idesign/arco/img/1.jpg]
[www.innovationplans.com/idesign/arco/img/bg3.jpg]
[www.innovationplans.com/idesign/arco/img/portfolio/1.jpg]
[www.innovationplans.com/idesign/arco/img/portfolio/2.jpg]
[www.innovationplans.com/idesign/arco/img/portfolio/3.jpg]
[www.innovationplans.com/idesign/arco/img/portfolio/4.jpg]
[www.innovationplans.com/idesign/arco/img/portfolio/5.jpg]
[www.innovationplans.com/idesign/arco/img/portfolio/6.jpg]
[www.innovationplans.com/idesign/arco/img/portfolio/7.jpg]
[www.innovationplans.com/idesign/arco/img/portfolio/8.jpg]
[www.innovationplans.com/idesign/arco/img/2.jpg]
[www.innovationplans.com/idesign/arco/img/team/1.jpg]
[www.innovationplans.com/idesign/arco/img/team/2.jpg]
[www.innovationplans.com/idesign/arco/img/team/3.jpg]
[www.innovationplans.com/idesign/arco/img/team/4.jpg]
[www.innovationplans.com/idesign/arco/img/03.jpg]
[www.innovationplans.com/idesign/arco/img/clients/1.jpg]
[www.innovationplans.com/idesign/arco/img/clients/2.jpg]
[www.innovationplans.com/idesign/arco/img/clients/3.jpg]
[www.innovationplans.com/idesign/arco/img/blog/1.jpg]
[www.innovationplans.com/idesign/arco/img/blog/2.jpg]
[www.innovationplans.com/idesign/arco/img/blog/3.jpg]
[www.innovationplans.com/idesign/arco/img/pattern.png]
[www.innovationplans.com/idesign/arco/img/clients-logo/1.png]
[www.innovationplans.com/idesign/arco/slider.html]
[www.innovationplans.com/idesign/arco/css/plugins.css]
[www.innovationplans.com/idesign/arco/css/style.css]
[www.innovationplans.com/idesign/arco/js/jquery-3.0.0.min.js]
[www.innovationplans.com/idesign/arco/js/jquery-migrate-3.0.0.min.js]
[www.innovationplans.com/idesign/arco/js/popper.min.js]
[www.innovationplans.com/idesign/arco/js/bootstrap.min.js]
[www.innovationplans.com/idesign/arco/js/scrollIt.min.js]
[www.innovationplans.com/idesign/arco/js/jquery.waypoints.min.js]
[www.innovationplans.com/idesign/arco/js/jquery.counterup.min.js]
[www.innovationplans.com/idesign/arco/js/owl.carousel.min.js]
[www.innovationplans.com/idesign/arco/js/jquery.magnific-popup.min.js]
[www.innovationplans.com/idesign/arco/js/jquery.stellar.min.js]
[www.innovationplans.com/idesign/arco/js/isotope.pkgd.min.js]
[www.innovationplans.com/idesign/arco/js/YouTubePopUp.jquery.js]
[www.innovationplans.com/idesign/arco/js/map.js]
[www.innovationplans.com/idesign/arco/js/validator.js]
[www.innovationplans.com/idesign/arco/img/logo-dark.png]
[www.innovationplans.com/idesign/arco/js/scripts.js]
[www.innovationplans.com/idesign/arco/css/plugins/bootstrap.min.css]
[www.innovationplans.com/idesign/arco/css/plugins/animate.min.css]
[www.innovationplans.com/idesign/arco/css/plugins/linea-basic.css]
[www.innovationplans.com/idesign/arco/css/plugins/fontawesome-all.min.css]
[www.innovationplans.com/idesign/arco/css/plugins/YouTubePopUp.css]
[www.innovationplans.com/idesign/arco/css/plugins/magnific-popup.css]
[www.innovationplans.com/idesign/arco/css/plugins/owl.carousel.min.css]
[www.innovationplans.com/idesign/arco/css/plugins/owl.theme.default.min.css]
[www.innovationplans.com/idesign/arco/css/plugins/helper.css]
[www.innovationplans.com/idesign/arco/img/wave.svg]
[www.innovationplans.com/idesign/arco/popper.html]
[www.innovationplans.com/idesign/arco/contact.html]
[www.innovationplans.com/idesign/arco/fonts/linea-basic-10.html]
[www.innovationplans.com/idesign/arco/fonts/linea-basic-10d41d.html]
[www.innovationplans.com/idesign/arco/fonts/linea-basic-11.html]
[www.innovationplans.com/idesign/arco/fonts/linea-basic-12.html]
[www.innovationplans.com/idesign/arco/fonts/fa-brands-400.html]
[www.innovationplans.com/idesign/arco/fonts/fa-brands-400d41d.html]
[www.innovationplans.com/idesign/arco/fonts/fa-brands-401.html]
[www.innovationplans.com/idesign/arco/fonts/fa-brands-402.html]
[www.innovationplans.com/idesign/arco/fonts/fa-brands-403.html]
[www.innovationplans.com/idesign/arco/fonts/fa-brands-404.html]
[www.innovationplans.com/idesign/arco/fonts/fa-regular-400.html]
[www.innovationplans.com/idesign/arco/fonts/fa-regular-400d41d.html]
[www.innovationplans.com/idesign/arco/fonts/fa-regular-401.html]
[www.innovationplans.com/idesign/arco/fonts/fa-regular-402.html]
[www.innovationplans.com/idesign/arco/fonts/fa-regular-403.html]
[www.innovationplans.com/idesign/arco/fonts/fa-regular-404.html]
[www.innovationplans.com/idesign/arco/fonts/fa-solid-900.html]
[www.innovationplans.com/idesign/arco/fonts/fa-solid-900d41d.html]
[www.innovationplans.com/idesign/arco/fonts/fa-solid-901.html]
[www.innovationplans.com/idesign/arco/fonts/fa-solid-902.html]
[www.innovationplans.com/idesign/arco/fonts/fa-solid-903.html]
[www.innovationplans.com/idesign/arco/fonts/fa-solid-904.html]
[www.innovationplans.com/idesign/arco/css/images/close.html]
[www.innovationplans.com/idesign/arco/css/plugins/owl.video.play.html]
